// Jest Snapshot v1, https://goo.gl/fbAQLP

exports[`GQL Queries Projects and projectById 1`] = `
Object {
  "columnIds": Array [
    "5d08fbce79d3d5773e47fd91",
  ],
  "columns": Array [
    Object {
      "id": "5d08fbce79d3d5773e47fd91",
      "isCompletedColumn": false,
      "name": "Todo",
      "taskIds": Array [],
      "taskLimit": 0,
    },
  ],
  "id": "5d08fbce79d3d5773e47fd90",
  "name": "PHOON_TIME",
  "ownerId": "5d04064a9b99a535a2a28950",
  "swimlanes": Array [],
  "tags": Array [],
  "tasks": Array [],
  "users": Array [],
}
`;
